// Jest Snapshot v1, https://goo.gl/fbAQLP

exports[`Input component renders Input 1`] = `
<DocumentFragment>
  <form
    class="Input"
  >
    <input
      name="url"
      placeholder="This is the URL"
      type="text"
      value=""
    />
    <div>
      <label
        data-testid="get"
      >
        GET
      </label>
      <input
        name="method"
        type="radio"
        value="GET"
      />
      <label
        for="post"
      >
        POST
      </label>
      <input
        name="method"
        type="radio"
        value="POST"
      />
      <label
        for="put"
      >
        PUT
      </label>
      <input
        name="method"
        type="radio"
        value="PUT"
      />
      <label
        for="delete"
      >
        DELETE
      </label>
      <input
        name="method"
        type="radio"
        value="DELETE"
      />
    </div>
    <button>
      Hit it
    </button>
    <textarea
      name="body"
      placeholder="Raw JSON"
    />
  </form>
</DocumentFragment>
`;
